// Jest Snapshot v1, https://goo.gl/fbAQLP

exports[`works 1`] = `
"Snapshot Diff:
- First value
+ Second value

@@ -575,10 +575,44 @@
  video {
    max-width: 100%;
    height: auto;
  }

+ .before-content::before {
+   content: var(--before-content, '');
+ }
+
+ .before-inset-0 {
+   position: relative;
+ }
+
+ .before-inset-0::before {
+   content: var(--before-content, '');
+   position: absolute;
+   top: 0;
+   left: 0;
+   right: 0;
+   bottom: 0;
+ }
+
+ .after-content::after {
+   content: var(--after-content, '');
+ }
+
+ .after-inset-0 {
+   position: relative;
+ }
+
+ .after-inset-0::after {
+   content: var(--after-content, '');
+   position: absolute;
+   top: 0;
+   left: 0;
+   right: 0;
+   bottom: 0;
+ }
+
  .m-auto {
    margin: auto;
  }

  .m-sm {
@@ -843,12 +877,552 @@
    margin-bottom: -48px;
  }

  .-ml-xl {
    margin-left: -48px;
+ }
+
+ .before\\\\:m-auto::before {
+   margin: auto;
+ }
+
+ .before\\\\:m-sm::before {
+   margin: 8px;
  }

+ .before\\\\:m-md::before {
+   margin: 16px;
+ }
+
+ .before\\\\:m-lg::before {
+   margin: 24px;
+ }
+
+ .before\\\\:m-xl::before {
+   margin: 48px;
+ }
+
+ .before\\\\:-m-sm::before {
+   margin: -8px;
+ }
+
+ .before\\\\:-m-md::before {
+   margin: -16px;
+ }
+
+ .before\\\\:-m-lg::before {
+   margin: -24px;
+ }
+
+ .before\\\\:-m-xl::before {
+   margin: -48px;
+ }
+
+ .before\\\\:my-auto::before {
+   margin-top: auto;
+   margin-bottom: auto;
+ }
+
+ .before\\\\:mx-auto::before {
+   margin-left: auto;
+   margin-right: auto;
+ }
+
+ .before\\\\:my-sm::before {
+   margin-top: 8px;
+   margin-bottom: 8px;
+ }
+
+ .before\\\\:mx-sm::before {
+   margin-left: 8px;
+   margin-right: 8px;
+ }
+
+ .before\\\\:my-md::before {
+   margin-top: 16px;
+   margin-bottom: 16px;
+ }
+
+ .before\\\\:mx-md::before {
+   margin-left: 16px;
+   margin-right: 16px;
+ }
+
+ .before\\\\:my-lg::before {
+   margin-top: 24px;
+   margin-bottom: 24px;
+ }
+
+ .before\\\\:mx-lg::before {
+   margin-left: 24px;
+   margin-right: 24px;
+ }
+
+ .before\\\\:my-xl::before {
+   margin-top: 48px;
+   margin-bottom: 48px;
+ }
+
+ .before\\\\:mx-xl::before {
+   margin-left: 48px;
+   margin-right: 48px;
+ }
+
+ .before\\\\:-my-sm::before {
+   margin-top: -8px;
+   margin-bottom: -8px;
+ }
+
+ .before\\\\:-mx-sm::before {
+   margin-left: -8px;
+   margin-right: -8px;
+ }
+
+ .before\\\\:-my-md::before {
+   margin-top: -16px;
+   margin-bottom: -16px;
+ }
+
+ .before\\\\:-mx-md::before {
+   margin-left: -16px;
+   margin-right: -16px;
+ }
+
+ .before\\\\:-my-lg::before {
+   margin-top: -24px;
+   margin-bottom: -24px;
+ }
+
+ .before\\\\:-mx-lg::before {
+   margin-left: -24px;
+   margin-right: -24px;
+ }
+
+ .before\\\\:-my-xl::before {
+   margin-top: -48px;
+   margin-bottom: -48px;
+ }
+
+ .before\\\\:-mx-xl::before {
+   margin-left: -48px;
+   margin-right: -48px;
+ }
+
+ .before\\\\:mt-auto::before {
+   margin-top: auto;
+ }
+
+ .before\\\\:mr-auto::before {
+   margin-right: auto;
+ }
+
+ .before\\\\:mb-auto::before {
+   margin-bottom: auto;
+ }
+
+ .before\\\\:ml-auto::before {
+   margin-left: auto;
+ }
+
+ .before\\\\:mt-sm::before {
+   margin-top: 8px;
+ }
+
+ .before\\\\:mr-sm::before {
+   margin-right: 8px;
+ }
+
+ .before\\\\:mb-sm::before {
+   margin-bottom: 8px;
+ }
+
+ .before\\\\:ml-sm::before {
+   margin-left: 8px;
+ }
+
+ .before\\\\:mt-md::before {
+   margin-top: 16px;
+ }
+
+ .before\\\\:mr-md::before {
+   margin-right: 16px;
+ }
+
+ .before\\\\:mb-md::before {
+   margin-bottom: 16px;
+ }
+
+ .before\\\\:ml-md::before {
+   margin-left: 16px;
+ }
+
+ .before\\\\:mt-lg::before {
+   margin-top: 24px;
+ }
+
+ .before\\\\:mr-lg::before {
+   margin-right: 24px;
+ }
+
+ .before\\\\:mb-lg::before {
+   margin-bottom: 24px;
+ }
+
+ .before\\\\:ml-lg::before {
+   margin-left: 24px;
+ }
+
+ .before\\\\:mt-xl::before {
+   margin-top: 48px;
+ }
+
+ .before\\\\:mr-xl::before {
+   margin-right: 48px;
+ }
+
+ .before\\\\:mb-xl::before {
+   margin-bottom: 48px;
+ }
+
+ .before\\\\:ml-xl::before {
+   margin-left: 48px;
+ }
+
+ .before\\\\:-mt-sm::before {
+   margin-top: -8px;
+ }
+
+ .before\\\\:-mr-sm::before {
+   margin-right: -8px;
+ }
+
+ .before\\\\:-mb-sm::before {
+   margin-bottom: -8px;
+ }
+
+ .before\\\\:-ml-sm::before {
+   margin-left: -8px;
+ }
+
+ .before\\\\:-mt-md::before {
+   margin-top: -16px;
+ }
+
+ .before\\\\:-mr-md::before {
+   margin-right: -16px;
+ }
+
+ .before\\\\:-mb-md::before {
+   margin-bottom: -16px;
+ }
+
+ .before\\\\:-ml-md::before {
+   margin-left: -16px;
+ }
+
+ .before\\\\:-mt-lg::before {
+   margin-top: -24px;
+ }
+
+ .before\\\\:-mr-lg::before {
+   margin-right: -24px;
+ }
+
+ .before\\\\:-mb-lg::before {
+   margin-bottom: -24px;
+ }
+
+ .before\\\\:-ml-lg::before {
+   margin-left: -24px;
+ }
+
+ .before\\\\:-mt-xl::before {
+   margin-top: -48px;
+ }
+
+ .before\\\\:-mr-xl::before {
+   margin-right: -48px;
+ }
+
+ .before\\\\:-mb-xl::before {
+   margin-bottom: -48px;
+ }
+
+ .before\\\\:-ml-xl::before {
+   margin-left: -48px;
+ }
+
+ .after\\\\:m-auto::after {
+   margin: auto;
+ }
+
+ .after\\\\:m-sm::after {
+   margin: 8px;
+ }
+
+ .after\\\\:m-md::after {
+   margin: 16px;
+ }
+
+ .after\\\\:m-lg::after {
+   margin: 24px;
+ }
+
+ .after\\\\:m-xl::after {
+   margin: 48px;
+ }
+
+ .after\\\\:-m-sm::after {
+   margin: -8px;
+ }
+
+ .after\\\\:-m-md::after {
+   margin: -16px;
+ }
+
+ .after\\\\:-m-lg::after {
+   margin: -24px;
+ }
+
+ .after\\\\:-m-xl::after {
+   margin: -48px;
+ }
+
+ .after\\\\:my-auto::after {
+   margin-top: auto;
+   margin-bottom: auto;
+ }
+
+ .after\\\\:mx-auto::after {
+   margin-left: auto;
+   margin-right: auto;
+ }
+
+ .after\\\\:my-sm::after {
+   margin-top: 8px;
+   margin-bottom: 8px;
+ }
+
+ .after\\\\:mx-sm::after {
+   margin-left: 8px;
+   margin-right: 8px;
+ }
+
+ .after\\\\:my-md::after {
+   margin-top: 16px;
+   margin-bottom: 16px;
+ }
+
+ .after\\\\:mx-md::after {
+   margin-left: 16px;
+   margin-right: 16px;
+ }
+
+ .after\\\\:my-lg::after {
+   margin-top: 24px;
+   margin-bottom: 24px;
+ }
+
+ .after\\\\:mx-lg::after {
+   margin-left: 24px;
+   margin-right: 24px;
+ }
+
+ .after\\\\:my-xl::after {
+   margin-top: 48px;
+   margin-bottom: 48px;
+ }
+
+ .after\\\\:mx-xl::after {
+   margin-left: 48px;
+   margin-right: 48px;
+ }
+
+ .after\\\\:-my-sm::after {
+   margin-top: -8px;
+   margin-bottom: -8px;
+ }
+
+ .after\\\\:-mx-sm::after {
+   margin-left: -8px;
+   margin-right: -8px;
+ }
+
+ .after\\\\:-my-md::after {
+   margin-top: -16px;
+   margin-bottom: -16px;
+ }
+
+ .after\\\\:-mx-md::after {
+   margin-left: -16px;
+   margin-right: -16px;
+ }
+
+ .after\\\\:-my-lg::after {
+   margin-top: -24px;
+   margin-bottom: -24px;
+ }
+
+ .after\\\\:-mx-lg::after {
+   margin-left: -24px;
+   margin-right: -24px;
+ }
+
+ .after\\\\:-my-xl::after {
+   margin-top: -48px;
+   margin-bottom: -48px;
+ }
+
+ .after\\\\:-mx-xl::after {
+   margin-left: -48px;
+   margin-right: -48px;
+ }
+
+ .after\\\\:mt-auto::after {
+   margin-top: auto;
+ }
+
+ .after\\\\:mr-auto::after {
+   margin-right: auto;
+ }
+
+ .after\\\\:mb-auto::after {
+   margin-bottom: auto;
+ }
+
+ .after\\\\:ml-auto::after {
+   margin-left: auto;
+ }
+
+ .after\\\\:mt-sm::after {
+   margin-top: 8px;
+ }
+
+ .after\\\\:mr-sm::after {
+   margin-right: 8px;
+ }
+
+ .after\\\\:mb-sm::after {
+   margin-bottom: 8px;
+ }
+
+ .after\\\\:ml-sm::after {
+   margin-left: 8px;
+ }
+
+ .after\\\\:mt-md::after {
+   margin-top: 16px;
+ }
+
+ .after\\\\:mr-md::after {
+   margin-right: 16px;
+ }
+
+ .after\\\\:mb-md::after {
+   margin-bottom: 16px;
+ }
+
+ .after\\\\:ml-md::after {
+   margin-left: 16px;
+ }
+
+ .after\\\\:mt-lg::after {
+   margin-top: 24px;
+ }
+
+ .after\\\\:mr-lg::after {
+   margin-right: 24px;
+ }
+
+ .after\\\\:mb-lg::after {
+   margin-bottom: 24px;
+ }
+
+ .after\\\\:ml-lg::after {
+   margin-left: 24px;
+ }
+
+ .after\\\\:mt-xl::after {
+   margin-top: 48px;
+ }
+
+ .after\\\\:mr-xl::after {
+   margin-right: 48px;
+ }
+
+ .after\\\\:mb-xl::after {
+   margin-bottom: 48px;
+ }
+
+ .after\\\\:ml-xl::after {
+   margin-left: 48px;
+ }
+
+ .after\\\\:-mt-sm::after {
+   margin-top: -8px;
+ }
+
+ .after\\\\:-mr-sm::after {
+   margin-right: -8px;
+ }
+
+ .after\\\\:-mb-sm::after {
+   margin-bottom: -8px;
+ }
+
+ .after\\\\:-ml-sm::after {
+   margin-left: -8px;
+ }
+
+ .after\\\\:-mt-md::after {
+   margin-top: -16px;
+ }
+
+ .after\\\\:-mr-md::after {
+   margin-right: -16px;
+ }
+
+ .after\\\\:-mb-md::after {
+   margin-bottom: -16px;
+ }
+
+ .after\\\\:-ml-md::after {
+   margin-left: -16px;
+ }
+
+ .after\\\\:-mt-lg::after {
+   margin-top: -24px;
+ }
+
+ .after\\\\:-mr-lg::after {
+   margin-right: -24px;
+ }
+
+ .after\\\\:-mb-lg::after {
+   margin-bottom: -24px;
+ }
+
+ .after\\\\:-ml-lg::after {
+   margin-left: -24px;
+ }
+
+ .after\\\\:-mt-xl::after {
+   margin-top: -48px;
+ }
+
+ .after\\\\:-mr-xl::after {
+   margin-right: -48px;
+ }
+
+ .after\\\\:-mb-xl::after {
+   margin-bottom: -48px;
+ }
+
+ .after\\\\:-ml-xl::after {
+   margin-left: -48px;
+ }
+
  .p-sm {
    padding: 8px;
  }

  .p-md {
@@ -986,13 +1560,29 @@
  .focus\\\\:bg-black:focus {
    background-color: black;
  }

  .focus\\\\:bg-white:focus {
+   background-color: white;
+ }
+
+ .before\\\\:bg-black::before {
+   background-color: black;
+ }
+
+ .before\\\\:bg-white::before {
    background-color: white;
  }

+ .after\\\\:bg-black::after {
+   background-color: black;
+ }
+
+ .after\\\\:bg-white::after {
+   background-color: white;
+ }
+
  @media (min-width: 640px) {
    .sm\\\\:m-auto {
      margin: auto;
    }

@@ -1260,10 +1850,550 @@

    .sm\\\\:-ml-xl {
      margin-left: -48px;
    }

+   .sm\\\\:before\\\\:m-auto::before {
+     margin: auto;
+   }
+
+   .sm\\\\:before\\\\:m-sm::before {
+     margin: 8px;
+   }
+
+   .sm\\\\:before\\\\:m-md::before {
+     margin: 16px;
+   }
+
+   .sm\\\\:before\\\\:m-lg::before {
+     margin: 24px;
+   }
+
+   .sm\\\\:before\\\\:m-xl::before {
+     margin: 48px;
+   }
+
+   .sm\\\\:before\\\\:-m-sm::before {
+     margin: -8px;
+   }
+
+   .sm\\\\:before\\\\:-m-md::before {
+     margin: -16px;
+   }
+
+   .sm\\\\:before\\\\:-m-lg::before {
+     margin: -24px;
+   }
+
+   .sm\\\\:before\\\\:-m-xl::before {
+     margin: -48px;
+   }
+
+   .sm\\\\:before\\\\:my-auto::before {
+     margin-top: auto;
+     margin-bottom: auto;
+   }
+
+   .sm\\\\:before\\\\:mx-auto::before {
+     margin-left: auto;
+     margin-right: auto;
+   }
+
+   .sm\\\\:before\\\\:my-sm::before {
+     margin-top: 8px;
+     margin-bottom: 8px;
+   }
+
+   .sm\\\\:before\\\\:mx-sm::before {
+     margin-left: 8px;
+     margin-right: 8px;
+   }
+
+   .sm\\\\:before\\\\:my-md::before {
+     margin-top: 16px;
+     margin-bottom: 16px;
+   }
+
+   .sm\\\\:before\\\\:mx-md::before {
+     margin-left: 16px;
+     margin-right: 16px;
+   }
+
+   .sm\\\\:before\\\\:my-lg::before {
+     margin-top: 24px;
+     margin-bottom: 24px;
+   }
+
+   .sm\\\\:before\\\\:mx-lg::before {
+     margin-left: 24px;
+     margin-right: 24px;
+   }
+
+   .sm\\\\:before\\\\:my-xl::before {
+     margin-top: 48px;
+     margin-bottom: 48px;
+   }
+
+   .sm\\\\:before\\\\:mx-xl::before {
+     margin-left: 48px;
+     margin-right: 48px;
+   }
+
+   .sm\\\\:before\\\\:-my-sm::before {
+     margin-top: -8px;
+     margin-bottom: -8px;
+   }
+
+   .sm\\\\:before\\\\:-mx-sm::before {
+     margin-left: -8px;
+     margin-right: -8px;
+   }
+
+   .sm\\\\:before\\\\:-my-md::before {
+     margin-top: -16px;
+     margin-bottom: -16px;
+   }
+
+   .sm\\\\:before\\\\:-mx-md::before {
+     margin-left: -16px;
+     margin-right: -16px;
+   }
+
+   .sm\\\\:before\\\\:-my-lg::before {
+     margin-top: -24px;
+     margin-bottom: -24px;
+   }
+
+   .sm\\\\:before\\\\:-mx-lg::before {
+     margin-left: -24px;
+     margin-right: -24px;
+   }
+
+   .sm\\\\:before\\\\:-my-xl::before {
+     margin-top: -48px;
+     margin-bottom: -48px;
+   }
+
+   .sm\\\\:before\\\\:-mx-xl::before {
+     margin-left: -48px;
+     margin-right: -48px;
+   }
+
+   .sm\\\\:before\\\\:mt-auto::before {
+     margin-top: auto;
+   }
+
+   .sm\\\\:before\\\\:mr-auto::before {
+     margin-right: auto;
+   }
+
+   .sm\\\\:before\\\\:mb-auto::before {
+     margin-bottom: auto;
+   }
+
+   .sm\\\\:before\\\\:ml-auto::before {
+     margin-left: auto;
+   }
+
+   .sm\\\\:before\\\\:mt-sm::before {
+     margin-top: 8px;
+   }
+
+   .sm\\\\:before\\\\:mr-sm::before {
+     margin-right: 8px;
+   }
+
+   .sm\\\\:before\\\\:mb-sm::before {
+     margin-bottom: 8px;
+   }
+
+   .sm\\\\:before\\\\:ml-sm::before {
+     margin-left: 8px;
+   }
+
+   .sm\\\\:before\\\\:mt-md::before {
+     margin-top: 16px;
+   }
+
+   .sm\\\\:before\\\\:mr-md::before {
+     margin-right: 16px;
+   }
+
+   .sm\\\\:before\\\\:mb-md::before {
+     margin-bottom: 16px;
+   }
+
+   .sm\\\\:before\\\\:ml-md::before {
+     margin-left: 16px;
+   }
+
+   .sm\\\\:before\\\\:mt-lg::before {
+     margin-top: 24px;
+   }
+
+   .sm\\\\:before\\\\:mr-lg::before {
+     margin-right: 24px;
+   }
+
+   .sm\\\\:before\\\\:mb-lg::before {
+     margin-bottom: 24px;
+   }
+
+   .sm\\\\:before\\\\:ml-lg::before {
+     margin-left: 24px;
+   }
+
+   .sm\\\\:before\\\\:mt-xl::before {
+     margin-top: 48px;
+   }
+
+   .sm\\\\:before\\\\:mr-xl::before {
+     margin-right: 48px;
+   }
+
+   .sm\\\\:before\\\\:mb-xl::before {
+     margin-bottom: 48px;
+   }
+
+   .sm\\\\:before\\\\:ml-xl::before {
+     margin-left: 48px;
+   }
+
+   .sm\\\\:before\\\\:-mt-sm::before {
+     margin-top: -8px;
+   }
+
+   .sm\\\\:before\\\\:-mr-sm::before {
+     margin-right: -8px;
+   }
+
+   .sm\\\\:before\\\\:-mb-sm::before {
+     margin-bottom: -8px;
+   }
+
+   .sm\\\\:before\\\\:-ml-sm::before {
+     margin-left: -8px;
+   }
+
+   .sm\\\\:before\\\\:-mt-md::before {
+     margin-top: -16px;
+   }
+
+   .sm\\\\:before\\\\:-mr-md::before {
+     margin-right: -16px;
+   }
+
+   .sm\\\\:before\\\\:-mb-md::before {
+     margin-bottom: -16px;
+   }
+
+   .sm\\\\:before\\\\:-ml-md::before {
+     margin-left: -16px;
+   }
+
+   .sm\\\\:before\\\\:-mt-lg::before {
+     margin-top: -24px;
+   }
+
+   .sm\\\\:before\\\\:-mr-lg::before {
+     margin-right: -24px;
+   }
+
+   .sm\\\\:before\\\\:-mb-lg::before {
+     margin-bottom: -24px;
+   }
+
+   .sm\\\\:before\\\\:-ml-lg::before {
+     margin-left: -24px;
+   }
+
+   .sm\\\\:before\\\\:-mt-xl::before {
+     margin-top: -48px;
+   }
+
+   .sm\\\\:before\\\\:-mr-xl::before {
+     margin-right: -48px;
+   }
+
+   .sm\\\\:before\\\\:-mb-xl::before {
+     margin-bottom: -48px;
+   }
+
+   .sm\\\\:before\\\\:-ml-xl::before {
+     margin-left: -48px;
+   }
+
+   .sm\\\\:after\\\\:m-auto::after {
+     margin: auto;
+   }
+
+   .sm\\\\:after\\\\:m-sm::after {
+     margin: 8px;
+   }
+
+   .sm\\\\:after\\\\:m-md::after {
+     margin: 16px;
+   }
+
+   .sm\\\\:after\\\\:m-lg::after {
+     margin: 24px;
+   }
+
+   .sm\\\\:after\\\\:m-xl::after {
+     margin: 48px;
+   }
+
+   .sm\\\\:after\\\\:-m-sm::after {
+     margin: -8px;
+   }
+
+   .sm\\\\:after\\\\:-m-md::after {
+     margin: -16px;
+   }
+
+   .sm\\\\:after\\\\:-m-lg::after {
+     margin: -24px;
+   }
+
+   .sm\\\\:after\\\\:-m-xl::after {
+     margin: -48px;
+   }
+
+   .sm\\\\:after\\\\:my-auto::after {
+     margin-top: auto;
+     margin-bottom: auto;
+   }
+
+   .sm\\\\:after\\\\:mx-auto::after {
+     margin-left: auto;
+     margin-right: auto;
+   }
+
+   .sm\\\\:after\\\\:my-sm::after {
+     margin-top: 8px;
+     margin-bottom: 8px;
+   }
+
+   .sm\\\\:after\\\\:mx-sm::after {
+     margin-left: 8px;
+     margin-right: 8px;
+   }
+
+   .sm\\\\:after\\\\:my-md::after {
+     margin-top: 16px;
+     margin-bottom: 16px;
+   }
+
+   .sm\\\\:after\\\\:mx-md::after {
+     margin-left: 16px;
+     margin-right: 16px;
+   }
+
+   .sm\\\\:after\\\\:my-lg::after {
+     margin-top: 24px;
+     margin-bottom: 24px;
+   }
+
+   .sm\\\\:after\\\\:mx-lg::after {
+     margin-left: 24px;
+     margin-right: 24px;
+   }
+
+   .sm\\\\:after\\\\:my-xl::after {
+     margin-top: 48px;
+     margin-bottom: 48px;
+   }
+
+   .sm\\\\:after\\\\:mx-xl::after {
+     margin-left: 48px;
+     margin-right: 48px;
+   }
+
+   .sm\\\\:after\\\\:-my-sm::after {
+     margin-top: -8px;
+     margin-bottom: -8px;
+   }
+
+   .sm\\\\:after\\\\:-mx-sm::after {
+     margin-left: -8px;
+     margin-right: -8px;
+   }
+
+   .sm\\\\:after\\\\:-my-md::after {
+     margin-top: -16px;
+     margin-bottom: -16px;
+   }
+
+   .sm\\\\:after\\\\:-mx-md::after {
+     margin-left: -16px;
+     margin-right: -16px;
+   }
+
+   .sm\\\\:after\\\\:-my-lg::after {
+     margin-top: -24px;
+     margin-bottom: -24px;
+   }
+
+   .sm\\\\:after\\\\:-mx-lg::after {
+     margin-left: -24px;
+     margin-right: -24px;
+   }
+
+   .sm\\\\:after\\\\:-my-xl::after {
+     margin-top: -48px;
+     margin-bottom: -48px;
+   }
+
+   .sm\\\\:after\\\\:-mx-xl::after {
+     margin-left: -48px;
+     margin-right: -48px;
+   }
+
+   .sm\\\\:after\\\\:mt-auto::after {
+     margin-top: auto;
+   }
+
+   .sm\\\\:after\\\\:mr-auto::after {
+     margin-right: auto;
+   }
+
+   .sm\\\\:after\\\\:mb-auto::after {
+     margin-bottom: auto;
+   }
+
+   .sm\\\\:after\\\\:ml-auto::after {
+     margin-left: auto;
+   }
+
+   .sm\\\\:after\\\\:mt-sm::after {
+     margin-top: 8px;
+   }
+
+   .sm\\\\:after\\\\:mr-sm::after {
+     margin-right: 8px;
+   }
+
+   .sm\\\\:after\\\\:mb-sm::after {
+     margin-bottom: 8px;
+   }
+
+   .sm\\\\:after\\\\:ml-sm::after {
+     margin-left: 8px;
+   }
+
+   .sm\\\\:after\\\\:mt-md::after {
+     margin-top: 16px;
+   }
+
+   .sm\\\\:after\\\\:mr-md::after {
+     margin-right: 16px;
+   }
+
+   .sm\\\\:after\\\\:mb-md::after {
+     margin-bottom: 16px;
+   }
+
+   .sm\\\\:after\\\\:ml-md::after {
+     margin-left: 16px;
+   }
+
+   .sm\\\\:after\\\\:mt-lg::after {
+     margin-top: 24px;
+   }
+
+   .sm\\\\:after\\\\:mr-lg::after {
+     margin-right: 24px;
+   }
+
+   .sm\\\\:after\\\\:mb-lg::after {
+     margin-bottom: 24px;
+   }
+
+   .sm\\\\:after\\\\:ml-lg::after {
+     margin-left: 24px;
+   }
+
+   .sm\\\\:after\\\\:mt-xl::after {
+     margin-top: 48px;
+   }
+
+   .sm\\\\:after\\\\:mr-xl::after {
+     margin-right: 48px;
+   }
+
+   .sm\\\\:after\\\\:mb-xl::after {
+     margin-bottom: 48px;
+   }
+
+   .sm\\\\:after\\\\:ml-xl::after {
+     margin-left: 48px;
+   }
+
+   .sm\\\\:after\\\\:-mt-sm::after {
+     margin-top: -8px;
+   }
+
+   .sm\\\\:after\\\\:-mr-sm::after {
+     margin-right: -8px;
+   }
+
+   .sm\\\\:after\\\\:-mb-sm::after {
+     margin-bottom: -8px;
+   }
+
+   .sm\\\\:after\\\\:-ml-sm::after {
+     margin-left: -8px;
+   }
+
+   .sm\\\\:after\\\\:-mt-md::after {
+     margin-top: -16px;
+   }
+
+   .sm\\\\:after\\\\:-mr-md::after {
+     margin-right: -16px;
+   }
+
+   .sm\\\\:after\\\\:-mb-md::after {
+     margin-bottom: -16px;
+   }
+
+   .sm\\\\:after\\\\:-ml-md::after {
+     margin-left: -16px;
+   }
+
+   .sm\\\\:after\\\\:-mt-lg::after {
+     margin-top: -24px;
+   }
+
+   .sm\\\\:after\\\\:-mr-lg::after {
+     margin-right: -24px;
+   }
+
+   .sm\\\\:after\\\\:-mb-lg::after {
+     margin-bottom: -24px;
+   }
+
+   .sm\\\\:after\\\\:-ml-lg::after {
+     margin-left: -24px;
+   }
+
+   .sm\\\\:after\\\\:-mt-xl::after {
+     margin-top: -48px;
+   }
+
+   .sm\\\\:after\\\\:-mr-xl::after {
+     margin-right: -48px;
+   }
+
+   .sm\\\\:after\\\\:-mb-xl::after {
+     margin-bottom: -48px;
+   }
+
+   .sm\\\\:after\\\\:-ml-xl::after {
+     margin-left: -48px;
+   }
+
    .sm\\\\:p-sm {
      padding: 8px;
    }

    .sm\\\\:p-md {
@@ -1403,10 +2533,26 @@
    }

    .sm\\\\:focus\\\\:bg-white:focus {
      background-color: white;
    }
+
+   .sm\\\\:before\\\\:bg-black::before {
+     background-color: black;
+   }
+
+   .sm\\\\:before\\\\:bg-white::before {
+     background-color: white;
+   }
+
+   .sm\\\\:after\\\\:bg-black::after {
+     background-color: black;
+   }
+
+   .sm\\\\:after\\\\:bg-white::after {
+     background-color: white;
+   }
  }

  @media (min-width: 768px) {
    .md\\\\:m-auto {
      margin: auto;
@@ -1673,13 +2819,553 @@
    .md\\\\:-mb-xl {
      margin-bottom: -48px;
    }

    .md\\\\:-ml-xl {
+     margin-left: -48px;
+   }
+
+   .md\\\\:before\\\\:m-auto::before {
+     margin: auto;
+   }
+
+   .md\\\\:before\\\\:m-sm::before {
+     margin: 8px;
+   }
+
+   .md\\\\:before\\\\:m-md::before {
+     margin: 16px;
+   }
+
+   .md\\\\:before\\\\:m-lg::before {
+     margin: 24px;
+   }
+
+   .md\\\\:before\\\\:m-xl::before {
+     margin: 48px;
+   }
+
+   .md\\\\:before\\\\:-m-sm::before {
+     margin: -8px;
+   }
+
+   .md\\\\:before\\\\:-m-md::before {
+     margin: -16px;
+   }
+
+   .md\\\\:before\\\\:-m-lg::before {
+     margin: -24px;
+   }
+
+   .md\\\\:before\\\\:-m-xl::before {
+     margin: -48px;
+   }
+
+   .md\\\\:before\\\\:my-auto::before {
+     margin-top: auto;
+     margin-bottom: auto;
+   }
+
+   .md\\\\:before\\\\:mx-auto::before {
+     margin-left: auto;
+     margin-right: auto;
+   }
+
+   .md\\\\:before\\\\:my-sm::before {
+     margin-top: 8px;
+     margin-bottom: 8px;
+   }
+
+   .md\\\\:before\\\\:mx-sm::before {
+     margin-left: 8px;
+     margin-right: 8px;
+   }
+
+   .md\\\\:before\\\\:my-md::before {
+     margin-top: 16px;
+     margin-bottom: 16px;
+   }
+
+   .md\\\\:before\\\\:mx-md::before {
+     margin-left: 16px;
+     margin-right: 16px;
+   }
+
+   .md\\\\:before\\\\:my-lg::before {
+     margin-top: 24px;
+     margin-bottom: 24px;
+   }
+
+   .md\\\\:before\\\\:mx-lg::before {
+     margin-left: 24px;
+     margin-right: 24px;
+   }
+
+   .md\\\\:before\\\\:my-xl::before {
+     margin-top: 48px;
+     margin-bottom: 48px;
+   }
+
+   .md\\\\:before\\\\:mx-xl::before {
+     margin-left: 48px;
+     margin-right: 48px;
+   }
+
+   .md\\\\:before\\\\:-my-sm::before {
+     margin-top: -8px;
+     margin-bottom: -8px;
+   }
+
+   .md\\\\:before\\\\:-mx-sm::before {
+     margin-left: -8px;
+     margin-right: -8px;
+   }
+
+   .md\\\\:before\\\\:-my-md::before {
+     margin-top: -16px;
+     margin-bottom: -16px;
+   }
+
+   .md\\\\:before\\\\:-mx-md::before {
+     margin-left: -16px;
+     margin-right: -16px;
+   }
+
+   .md\\\\:before\\\\:-my-lg::before {
+     margin-top: -24px;
+     margin-bottom: -24px;
+   }
+
+   .md\\\\:before\\\\:-mx-lg::before {
+     margin-left: -24px;
+     margin-right: -24px;
+   }
+
+   .md\\\\:before\\\\:-my-xl::before {
+     margin-top: -48px;
+     margin-bottom: -48px;
+   }
+
+   .md\\\\:before\\\\:-mx-xl::before {
+     margin-left: -48px;
+     margin-right: -48px;
+   }
+
+   .md\\\\:before\\\\:mt-auto::before {
+     margin-top: auto;
+   }
+
+   .md\\\\:before\\\\:mr-auto::before {
+     margin-right: auto;
+   }
+
+   .md\\\\:before\\\\:mb-auto::before {
+     margin-bottom: auto;
+   }
+
+   .md\\\\:before\\\\:ml-auto::before {
+     margin-left: auto;
+   }
+
+   .md\\\\:before\\\\:mt-sm::before {
+     margin-top: 8px;
+   }
+
+   .md\\\\:before\\\\:mr-sm::before {
+     margin-right: 8px;
+   }
+
+   .md\\\\:before\\\\:mb-sm::before {
+     margin-bottom: 8px;
+   }
+
+   .md\\\\:before\\\\:ml-sm::before {
+     margin-left: 8px;
+   }
+
+   .md\\\\:before\\\\:mt-md::before {
+     margin-top: 16px;
+   }
+
+   .md\\\\:before\\\\:mr-md::before {
+     margin-right: 16px;
+   }
+
+   .md\\\\:before\\\\:mb-md::before {
+     margin-bottom: 16px;
+   }
+
+   .md\\\\:before\\\\:ml-md::before {
+     margin-left: 16px;
+   }
+
+   .md\\\\:before\\\\:mt-lg::before {
+     margin-top: 24px;
+   }
+
+   .md\\\\:before\\\\:mr-lg::before {
+     margin-right: 24px;
+   }
+
+   .md\\\\:before\\\\:mb-lg::before {
+     margin-bottom: 24px;
+   }
+
+   .md\\\\:before\\\\:ml-lg::before {
+     margin-left: 24px;
+   }
+
+   .md\\\\:before\\\\:mt-xl::before {
+     margin-top: 48px;
+   }
+
+   .md\\\\:before\\\\:mr-xl::before {
+     margin-right: 48px;
+   }
+
+   .md\\\\:before\\\\:mb-xl::before {
+     margin-bottom: 48px;
+   }
+
+   .md\\\\:before\\\\:ml-xl::before {
+     margin-left: 48px;
+   }
+
+   .md\\\\:before\\\\:-mt-sm::before {
+     margin-top: -8px;
+   }
+
+   .md\\\\:before\\\\:-mr-sm::before {
+     margin-right: -8px;
+   }
+
+   .md\\\\:before\\\\:-mb-sm::before {
+     margin-bottom: -8px;
+   }
+
+   .md\\\\:before\\\\:-ml-sm::before {
+     margin-left: -8px;
+   }
+
+   .md\\\\:before\\\\:-mt-md::before {
+     margin-top: -16px;
+   }
+
+   .md\\\\:before\\\\:-mr-md::before {
+     margin-right: -16px;
+   }
+
+   .md\\\\:before\\\\:-mb-md::before {
+     margin-bottom: -16px;
+   }
+
+   .md\\\\:before\\\\:-ml-md::before {
+     margin-left: -16px;
+   }
+
+   .md\\\\:before\\\\:-mt-lg::before {
+     margin-top: -24px;
+   }
+
+   .md\\\\:before\\\\:-mr-lg::before {
+     margin-right: -24px;
+   }
+
+   .md\\\\:before\\\\:-mb-lg::before {
+     margin-bottom: -24px;
+   }
+
+   .md\\\\:before\\\\:-ml-lg::before {
+     margin-left: -24px;
+   }
+
+   .md\\\\:before\\\\:-mt-xl::before {
+     margin-top: -48px;
+   }
+
+   .md\\\\:before\\\\:-mr-xl::before {
+     margin-right: -48px;
+   }
+
+   .md\\\\:before\\\\:-mb-xl::before {
+     margin-bottom: -48px;
+   }
+
+   .md\\\\:before\\\\:-ml-xl::before {
      margin-left: -48px;
    }

+   .md\\\\:after\\\\:m-auto::after {
+     margin: auto;
+   }
+
+   .md\\\\:after\\\\:m-sm::after {
+     margin: 8px;
+   }
+
+   .md\\\\:after\\\\:m-md::after {
+     margin: 16px;
+   }
+
+   .md\\\\:after\\\\:m-lg::after {
+     margin: 24px;
+   }
+
+   .md\\\\:after\\\\:m-xl::after {
+     margin: 48px;
+   }
+
+   .md\\\\:after\\\\:-m-sm::after {
+     margin: -8px;
+   }
+
+   .md\\\\:after\\\\:-m-md::after {
+     margin: -16px;
+   }
+
+   .md\\\\:after\\\\:-m-lg::after {
+     margin: -24px;
+   }
+
+   .md\\\\:after\\\\:-m-xl::after {
+     margin: -48px;
+   }
+
+   .md\\\\:after\\\\:my-auto::after {
+     margin-top: auto;
+     margin-bottom: auto;
+   }
+
+   .md\\\\:after\\\\:mx-auto::after {
+     margin-left: auto;
+     margin-right: auto;
+   }
+
+   .md\\\\:after\\\\:my-sm::after {
+     margin-top: 8px;
+     margin-bottom: 8px;
+   }
+
+   .md\\\\:after\\\\:mx-sm::after {
+     margin-left: 8px;
+     margin-right: 8px;
+   }
+
+   .md\\\\:after\\\\:my-md::after {
+     margin-top: 16px;
+     margin-bottom: 16px;
+   }
+
+   .md\\\\:after\\\\:mx-md::after {
+     margin-left: 16px;
+     margin-right: 16px;
+   }
+
+   .md\\\\:after\\\\:my-lg::after {
+     margin-top: 24px;
+     margin-bottom: 24px;
+   }
+
+   .md\\\\:after\\\\:mx-lg::after {
+     margin-left: 24px;
+     margin-right: 24px;
+   }
+
+   .md\\\\:after\\\\:my-xl::after {
+     margin-top: 48px;
+     margin-bottom: 48px;
+   }
+
+   .md\\\\:after\\\\:mx-xl::after {
+     margin-left: 48px;
+     margin-right: 48px;
+   }
+
+   .md\\\\:after\\\\:-my-sm::after {
+     margin-top: -8px;
+     margin-bottom: -8px;
+   }
+
+   .md\\\\:after\\\\:-mx-sm::after {
+     margin-left: -8px;
+     margin-right: -8px;
+   }
+
+   .md\\\\:after\\\\:-my-md::after {
+     margin-top: -16px;
+     margin-bottom: -16px;
+   }
+
+   .md\\\\:after\\\\:-mx-md::after {
+     margin-left: -16px;
+     margin-right: -16px;
+   }
+
+   .md\\\\:after\\\\:-my-lg::after {
+     margin-top: -24px;
+     margin-bottom: -24px;
+   }
+
+   .md\\\\:after\\\\:-mx-lg::after {
+     margin-left: -24px;
+     margin-right: -24px;
+   }
+
+   .md\\\\:after\\\\:-my-xl::after {
+     margin-top: -48px;
+     margin-bottom: -48px;
+   }
+
+   .md\\\\:after\\\\:-mx-xl::after {
+     margin-left: -48px;
+     margin-right: -48px;
+   }
+
+   .md\\\\:after\\\\:mt-auto::after {
+     margin-top: auto;
+   }
+
+   .md\\\\:after\\\\:mr-auto::after {
+     margin-right: auto;
+   }
+
+   .md\\\\:after\\\\:mb-auto::after {
+     margin-bottom: auto;
+   }
+
+   .md\\\\:after\\\\:ml-auto::after {
+     margin-left: auto;
+   }
+
+   .md\\\\:after\\\\:mt-sm::after {
+     margin-top: 8px;
+   }
+
+   .md\\\\:after\\\\:mr-sm::after {
+     margin-right: 8px;
+   }
+
+   .md\\\\:after\\\\:mb-sm::after {
+     margin-bottom: 8px;
+   }
+
+   .md\\\\:after\\\\:ml-sm::after {
+     margin-left: 8px;
+   }
+
+   .md\\\\:after\\\\:mt-md::after {
+     margin-top: 16px;
+   }
+
+   .md\\\\:after\\\\:mr-md::after {
+     margin-right: 16px;
+   }
+
+   .md\\\\:after\\\\:mb-md::after {
+     margin-bottom: 16px;
+   }
+
+   .md\\\\:after\\\\:ml-md::after {
+     margin-left: 16px;
+   }
+
+   .md\\\\:after\\\\:mt-lg::after {
+     margin-top: 24px;
+   }
+
+   .md\\\\:after\\\\:mr-lg::after {
+     margin-right: 24px;
+   }
+
+   .md\\\\:after\\\\:mb-lg::after {
+     margin-bottom: 24px;
+   }
+
+   .md\\\\:after\\\\:ml-lg::after {
+     margin-left: 24px;
+   }
+
+   .md\\\\:after\\\\:mt-xl::after {
+     margin-top: 48px;
+   }
+
+   .md\\\\:after\\\\:mr-xl::after {
+     margin-right: 48px;
+   }
+
+   .md\\\\:after\\\\:mb-xl::after {
+     margin-bottom: 48px;
+   }
+
+   .md\\\\:after\\\\:ml-xl::after {
+     margin-left: 48px;
+   }
+
+   .md\\\\:after\\\\:-mt-sm::after {
+     margin-top: -8px;
+   }
+
+   .md\\\\:after\\\\:-mr-sm::after {
+     margin-right: -8px;
+   }
+
+   .md\\\\:after\\\\:-mb-sm::after {
+     margin-bottom: -8px;
+   }
+
+   .md\\\\:after\\\\:-ml-sm::after {
+     margin-left: -8px;
+   }
+
+   .md\\\\:after\\\\:-mt-md::after {
+     margin-top: -16px;
+   }
+
+   .md\\\\:after\\\\:-mr-md::after {
+     margin-right: -16px;
+   }
+
+   .md\\\\:after\\\\:-mb-md::after {
+     margin-bottom: -16px;
+   }
+
+   .md\\\\:after\\\\:-ml-md::after {
+     margin-left: -16px;
+   }
+
+   .md\\\\:after\\\\:-mt-lg::after {
+     margin-top: -24px;
+   }
+
+   .md\\\\:after\\\\:-mr-lg::after {
+     margin-right: -24px;
+   }
+
+   .md\\\\:after\\\\:-mb-lg::after {
+     margin-bottom: -24px;
+   }
+
+   .md\\\\:after\\\\:-ml-lg::after {
+     margin-left: -24px;
+   }
+
+   .md\\\\:after\\\\:-mt-xl::after {
+     margin-top: -48px;
+   }
+
+   .md\\\\:after\\\\:-mr-xl::after {
+     margin-right: -48px;
+   }
+
+   .md\\\\:after\\\\:-mb-xl::after {
+     margin-bottom: -48px;
+   }
+
+   .md\\\\:after\\\\:-ml-xl::after {
+     margin-left: -48px;
+   }
+
    .md\\\\:p-sm {
      padding: 8px;
    }

    .md\\\\:p-md {
@@ -1818,11 +3504,27 @@
      background-color: black;
    }

    .md\\\\:focus\\\\:bg-white:focus {
      background-color: white;
+   }
+
+   .md\\\\:before\\\\:bg-black::before {
+     background-color: black;
    }
+
+   .md\\\\:before\\\\:bg-white::before {
+     background-color: white;
+   }
+
+   .md\\\\:after\\\\:bg-black::after {
+     background-color: black;
+   }
+
+   .md\\\\:after\\\\:bg-white::after {
+     background-color: white;
+   }
  }

  @media (min-width: 1024px) {
    .lg\\\\:m-auto {
      margin: auto;
@@ -2089,10 +3791,550 @@
    .lg\\\\:-mb-xl {
      margin-bottom: -48px;
    }

    .lg\\\\:-ml-xl {
+     margin-left: -48px;
+   }
+
+   .lg\\\\:before\\\\:m-auto::before {
+     margin: auto;
+   }
+
+   .lg\\\\:before\\\\:m-sm::before {
+     margin: 8px;
+   }
+
+   .lg\\\\:before\\\\:m-md::before {
+     margin: 16px;
+   }
+
+   .lg\\\\:before\\\\:m-lg::before {
+     margin: 24px;
+   }
+
+   .lg\\\\:before\\\\:m-xl::before {
+     margin: 48px;
+   }
+
+   .lg\\\\:before\\\\:-m-sm::before {
+     margin: -8px;
+   }
+
+   .lg\\\\:before\\\\:-m-md::before {
+     margin: -16px;
+   }
+
+   .lg\\\\:before\\\\:-m-lg::before {
+     margin: -24px;
+   }
+
+   .lg\\\\:before\\\\:-m-xl::before {
+     margin: -48px;
+   }
+
+   .lg\\\\:before\\\\:my-auto::before {
+     margin-top: auto;
+     margin-bottom: auto;
+   }
+
+   .lg\\\\:before\\\\:mx-auto::before {
+     margin-left: auto;
+     margin-right: auto;
+   }
+
+   .lg\\\\:before\\\\:my-sm::before {
+     margin-top: 8px;
+     margin-bottom: 8px;
+   }
+
+   .lg\\\\:before\\\\:mx-sm::before {
+     margin-left: 8px;
+     margin-right: 8px;
+   }
+
+   .lg\\\\:before\\\\:my-md::before {
+     margin-top: 16px;
+     margin-bottom: 16px;
+   }
+
+   .lg\\\\:before\\\\:mx-md::before {
+     margin-left: 16px;
+     margin-right: 16px;
+   }
+
+   .lg\\\\:before\\\\:my-lg::before {
+     margin-top: 24px;
+     margin-bottom: 24px;
+   }
+
+   .lg\\\\:before\\\\:mx-lg::before {
+     margin-left: 24px;
+     margin-right: 24px;
+   }
+
+   .lg\\\\:before\\\\:my-xl::before {
+     margin-top: 48px;
+     margin-bottom: 48px;
+   }
+
+   .lg\\\\:before\\\\:mx-xl::before {
+     margin-left: 48px;
+     margin-right: 48px;
+   }
+
+   .lg\\\\:before\\\\:-my-sm::before {
+     margin-top: -8px;
+     margin-bottom: -8px;
+   }
+
+   .lg\\\\:before\\\\:-mx-sm::before {
+     margin-left: -8px;
+     margin-right: -8px;
+   }
+
+   .lg\\\\:before\\\\:-my-md::before {
+     margin-top: -16px;
+     margin-bottom: -16px;
+   }
+
+   .lg\\\\:before\\\\:-mx-md::before {
+     margin-left: -16px;
+     margin-right: -16px;
+   }
+
+   .lg\\\\:before\\\\:-my-lg::before {
+     margin-top: -24px;
+     margin-bottom: -24px;
+   }
+
+   .lg\\\\:before\\\\:-mx-lg::before {
+     margin-left: -24px;
+     margin-right: -24px;
+   }
+
+   .lg\\\\:before\\\\:-my-xl::before {
+     margin-top: -48px;
+     margin-bottom: -48px;
+   }
+
+   .lg\\\\:before\\\\:-mx-xl::before {
+     margin-left: -48px;
+     margin-right: -48px;
+   }
+
+   .lg\\\\:before\\\\:mt-auto::before {
+     margin-top: auto;
+   }
+
+   .lg\\\\:before\\\\:mr-auto::before {
+     margin-right: auto;
+   }
+
+   .lg\\\\:before\\\\:mb-auto::before {
+     margin-bottom: auto;
+   }
+
+   .lg\\\\:before\\\\:ml-auto::before {
+     margin-left: auto;
+   }
+
+   .lg\\\\:before\\\\:mt-sm::before {
+     margin-top: 8px;
+   }
+
+   .lg\\\\:before\\\\:mr-sm::before {
+     margin-right: 8px;
+   }
+
+   .lg\\\\:before\\\\:mb-sm::before {
+     margin-bottom: 8px;
+   }
+
+   .lg\\\\:before\\\\:ml-sm::before {
+     margin-left: 8px;
+   }
+
+   .lg\\\\:before\\\\:mt-md::before {
+     margin-top: 16px;
+   }
+
+   .lg\\\\:before\\\\:mr-md::before {
+     margin-right: 16px;
+   }
+
+   .lg\\\\:before\\\\:mb-md::before {
+     margin-bottom: 16px;
+   }
+
+   .lg\\\\:before\\\\:ml-md::before {
+     margin-left: 16px;
+   }
+
+   .lg\\\\:before\\\\:mt-lg::before {
+     margin-top: 24px;
+   }
+
+   .lg\\\\:before\\\\:mr-lg::before {
+     margin-right: 24px;
+   }
+
+   .lg\\\\:before\\\\:mb-lg::before {
+     margin-bottom: 24px;
+   }
+
+   .lg\\\\:before\\\\:ml-lg::before {
+     margin-left: 24px;
+   }
+
+   .lg\\\\:before\\\\:mt-xl::before {
+     margin-top: 48px;
+   }
+
+   .lg\\\\:before\\\\:mr-xl::before {
+     margin-right: 48px;
+   }
+
+   .lg\\\\:before\\\\:mb-xl::before {
+     margin-bottom: 48px;
+   }
+
+   .lg\\\\:before\\\\:ml-xl::before {
+     margin-left: 48px;
+   }
+
+   .lg\\\\:before\\\\:-mt-sm::before {
+     margin-top: -8px;
+   }
+
+   .lg\\\\:before\\\\:-mr-sm::before {
+     margin-right: -8px;
+   }
+
+   .lg\\\\:before\\\\:-mb-sm::before {
+     margin-bottom: -8px;
+   }
+
+   .lg\\\\:before\\\\:-ml-sm::before {
+     margin-left: -8px;
+   }
+
+   .lg\\\\:before\\\\:-mt-md::before {
+     margin-top: -16px;
+   }
+
+   .lg\\\\:before\\\\:-mr-md::before {
+     margin-right: -16px;
+   }
+
+   .lg\\\\:before\\\\:-mb-md::before {
+     margin-bottom: -16px;
+   }
+
+   .lg\\\\:before\\\\:-ml-md::before {
+     margin-left: -16px;
+   }
+
+   .lg\\\\:before\\\\:-mt-lg::before {
+     margin-top: -24px;
+   }
+
+   .lg\\\\:before\\\\:-mr-lg::before {
+     margin-right: -24px;
+   }
+
+   .lg\\\\:before\\\\:-mb-lg::before {
+     margin-bottom: -24px;
+   }
+
+   .lg\\\\:before\\\\:-ml-lg::before {
+     margin-left: -24px;
+   }
+
+   .lg\\\\:before\\\\:-mt-xl::before {
+     margin-top: -48px;
+   }
+
+   .lg\\\\:before\\\\:-mr-xl::before {
+     margin-right: -48px;
+   }
+
+   .lg\\\\:before\\\\:-mb-xl::before {
+     margin-bottom: -48px;
+   }
+
+   .lg\\\\:before\\\\:-ml-xl::before {
+     margin-left: -48px;
+   }
+
+   .lg\\\\:after\\\\:m-auto::after {
+     margin: auto;
+   }
+
+   .lg\\\\:after\\\\:m-sm::after {
+     margin: 8px;
+   }
+
+   .lg\\\\:after\\\\:m-md::after {
+     margin: 16px;
+   }
+
+   .lg\\\\:after\\\\:m-lg::after {
+     margin: 24px;
+   }
+
+   .lg\\\\:after\\\\:m-xl::after {
+     margin: 48px;
+   }
+
+   .lg\\\\:after\\\\:-m-sm::after {
+     margin: -8px;
+   }
+
+   .lg\\\\:after\\\\:-m-md::after {
+     margin: -16px;
+   }
+
+   .lg\\\\:after\\\\:-m-lg::after {
+     margin: -24px;
+   }
+
+   .lg\\\\:after\\\\:-m-xl::after {
+     margin: -48px;
+   }
+
+   .lg\\\\:after\\\\:my-auto::after {
+     margin-top: auto;
+     margin-bottom: auto;
+   }
+
+   .lg\\\\:after\\\\:mx-auto::after {
+     margin-left: auto;
+     margin-right: auto;
+   }
+
+   .lg\\\\:after\\\\:my-sm::after {
+     margin-top: 8px;
+     margin-bottom: 8px;
+   }
+
+   .lg\\\\:after\\\\:mx-sm::after {
+     margin-left: 8px;
+     margin-right: 8px;
+   }
+
+   .lg\\\\:after\\\\:my-md::after {
+     margin-top: 16px;
+     margin-bottom: 16px;
+   }
+
+   .lg\\\\:after\\\\:mx-md::after {
+     margin-left: 16px;
+     margin-right: 16px;
+   }
+
+   .lg\\\\:after\\\\:my-lg::after {
+     margin-top: 24px;
+     margin-bottom: 24px;
+   }
+
+   .lg\\\\:after\\\\:mx-lg::after {
+     margin-left: 24px;
+     margin-right: 24px;
+   }
+
+   .lg\\\\:after\\\\:my-xl::after {
+     margin-top: 48px;
+     margin-bottom: 48px;
+   }
+
+   .lg\\\\:after\\\\:mx-xl::after {
+     margin-left: 48px;
+     margin-right: 48px;
+   }
+
+   .lg\\\\:after\\\\:-my-sm::after {
+     margin-top: -8px;
+     margin-bottom: -8px;
+   }
+
+   .lg\\\\:after\\\\:-mx-sm::after {
+     margin-left: -8px;
+     margin-right: -8px;
+   }
+
+   .lg\\\\:after\\\\:-my-md::after {
+     margin-top: -16px;
+     margin-bottom: -16px;
+   }
+
+   .lg\\\\:after\\\\:-mx-md::after {
+     margin-left: -16px;
+     margin-right: -16px;
+   }
+
+   .lg\\\\:after\\\\:-my-lg::after {
+     margin-top: -24px;
+     margin-bottom: -24px;
+   }
+
+   .lg\\\\:after\\\\:-mx-lg::after {
+     margin-left: -24px;
+     margin-right: -24px;
+   }
+
+   .lg\\\\:after\\\\:-my-xl::after {
+     margin-top: -48px;
+     margin-bottom: -48px;
+   }
+
+   .lg\\\\:after\\\\:-mx-xl::after {
+     margin-left: -48px;
+     margin-right: -48px;
+   }
+
+   .lg\\\\:after\\\\:mt-auto::after {
+     margin-top: auto;
+   }
+
+   .lg\\\\:after\\\\:mr-auto::after {
+     margin-right: auto;
+   }
+
+   .lg\\\\:after\\\\:mb-auto::after {
+     margin-bottom: auto;
+   }
+
+   .lg\\\\:after\\\\:ml-auto::after {
+     margin-left: auto;
+   }
+
+   .lg\\\\:after\\\\:mt-sm::after {
+     margin-top: 8px;
+   }
+
+   .lg\\\\:after\\\\:mr-sm::after {
+     margin-right: 8px;
+   }
+
+   .lg\\\\:after\\\\:mb-sm::after {
+     margin-bottom: 8px;
+   }
+
+   .lg\\\\:after\\\\:ml-sm::after {
+     margin-left: 8px;
+   }
+
+   .lg\\\\:after\\\\:mt-md::after {
+     margin-top: 16px;
+   }
+
+   .lg\\\\:after\\\\:mr-md::after {
+     margin-right: 16px;
+   }
+
+   .lg\\\\:after\\\\:mb-md::after {
+     margin-bottom: 16px;
+   }
+
+   .lg\\\\:after\\\\:ml-md::after {
+     margin-left: 16px;
+   }
+
+   .lg\\\\:after\\\\:mt-lg::after {
+     margin-top: 24px;
+   }
+
+   .lg\\\\:after\\\\:mr-lg::after {
+     margin-right: 24px;
+   }
+
+   .lg\\\\:after\\\\:mb-lg::after {
+     margin-bottom: 24px;
+   }
+
+   .lg\\\\:after\\\\:ml-lg::after {
+     margin-left: 24px;
+   }
+
+   .lg\\\\:after\\\\:mt-xl::after {
+     margin-top: 48px;
+   }
+
+   .lg\\\\:after\\\\:mr-xl::after {
+     margin-right: 48px;
+   }
+
+   .lg\\\\:after\\\\:mb-xl::after {
+     margin-bottom: 48px;
+   }
+
+   .lg\\\\:after\\\\:ml-xl::after {
+     margin-left: 48px;
+   }
+
+   .lg\\\\:after\\\\:-mt-sm::after {
+     margin-top: -8px;
+   }
+
+   .lg\\\\:after\\\\:-mr-sm::after {
+     margin-right: -8px;
+   }
+
+   .lg\\\\:after\\\\:-mb-sm::after {
+     margin-bottom: -8px;
+   }
+
+   .lg\\\\:after\\\\:-ml-sm::after {
+     margin-left: -8px;
+   }
+
+   .lg\\\\:after\\\\:-mt-md::after {
+     margin-top: -16px;
+   }
+
+   .lg\\\\:after\\\\:-mr-md::after {
+     margin-right: -16px;
+   }
+
+   .lg\\\\:after\\\\:-mb-md::after {
+     margin-bottom: -16px;
+   }
+
+   .lg\\\\:after\\\\:-ml-md::after {
+     margin-left: -16px;
+   }
+
+   .lg\\\\:after\\\\:-mt-lg::after {
+     margin-top: -24px;
+   }
+
+   .lg\\\\:after\\\\:-mr-lg::after {
+     margin-right: -24px;
+   }
+
+   .lg\\\\:after\\\\:-mb-lg::after {
+     margin-bottom: -24px;
+   }
+
+   .lg\\\\:after\\\\:-ml-lg::after {
+     margin-left: -24px;
+   }
+
+   .lg\\\\:after\\\\:-mt-xl::after {
+     margin-top: -48px;
+   }
+
+   .lg\\\\:after\\\\:-mr-xl::after {
+     margin-right: -48px;
+   }
+
+   .lg\\\\:after\\\\:-mb-xl::after {
+     margin-bottom: -48px;
+   }
+
+   .lg\\\\:after\\\\:-ml-xl::after {
      margin-left: -48px;
    }

    .lg\\\\:p-sm {
      padding: 8px;
@@ -2235,10 +4477,26 @@
    }

    .lg\\\\:focus\\\\:bg-white:focus {
      background-color: white;
    }
+
+   .lg\\\\:before\\\\:bg-black::before {
+     background-color: black;
+   }
+
+   .lg\\\\:before\\\\:bg-white::before {
+     background-color: white;
+   }
+
+   .lg\\\\:after\\\\:bg-black::after {
+     background-color: black;
+   }
+
+   .lg\\\\:after\\\\:bg-white::after {
+     background-color: white;
+   }
  }

  @media (min-width: 1280px) {
    .xl\\\\:m-auto {
      margin: auto;
@@ -2505,10 +4763,550 @@
    .xl\\\\:-mb-xl {
      margin-bottom: -48px;
    }

    .xl\\\\:-ml-xl {
+     margin-left: -48px;
+   }
+
+   .xl\\\\:before\\\\:m-auto::before {
+     margin: auto;
+   }
+
+   .xl\\\\:before\\\\:m-sm::before {
+     margin: 8px;
+   }
+
+   .xl\\\\:before\\\\:m-md::before {
+     margin: 16px;
+   }
+
+   .xl\\\\:before\\\\:m-lg::before {
+     margin: 24px;
+   }
+
+   .xl\\\\:before\\\\:m-xl::before {
+     margin: 48px;
+   }
+
+   .xl\\\\:before\\\\:-m-sm::before {
+     margin: -8px;
+   }
+
+   .xl\\\\:before\\\\:-m-md::before {
+     margin: -16px;
+   }
+
+   .xl\\\\:before\\\\:-m-lg::before {
+     margin: -24px;
+   }
+
+   .xl\\\\:before\\\\:-m-xl::before {
+     margin: -48px;
+   }
+
+   .xl\\\\:before\\\\:my-auto::before {
+     margin-top: auto;
+     margin-bottom: auto;
+   }
+
+   .xl\\\\:before\\\\:mx-auto::before {
+     margin-left: auto;
+     margin-right: auto;
+   }
+
+   .xl\\\\:before\\\\:my-sm::before {
+     margin-top: 8px;
+     margin-bottom: 8px;
+   }
+
+   .xl\\\\:before\\\\:mx-sm::before {
+     margin-left: 8px;
+     margin-right: 8px;
+   }
+
+   .xl\\\\:before\\\\:my-md::before {
+     margin-top: 16px;
+     margin-bottom: 16px;
+   }
+
+   .xl\\\\:before\\\\:mx-md::before {
+     margin-left: 16px;
+     margin-right: 16px;
+   }
+
+   .xl\\\\:before\\\\:my-lg::before {
+     margin-top: 24px;
+     margin-bottom: 24px;
+   }
+
+   .xl\\\\:before\\\\:mx-lg::before {
+     margin-left: 24px;
+     margin-right: 24px;
+   }
+
+   .xl\\\\:before\\\\:my-xl::before {
+     margin-top: 48px;
+     margin-bottom: 48px;
+   }
+
+   .xl\\\\:before\\\\:mx-xl::before {
+     margin-left: 48px;
+     margin-right: 48px;
+   }
+
+   .xl\\\\:before\\\\:-my-sm::before {
+     margin-top: -8px;
+     margin-bottom: -8px;
+   }
+
+   .xl\\\\:before\\\\:-mx-sm::before {
+     margin-left: -8px;
+     margin-right: -8px;
+   }
+
+   .xl\\\\:before\\\\:-my-md::before {
+     margin-top: -16px;
+     margin-bottom: -16px;
+   }
+
+   .xl\\\\:before\\\\:-mx-md::before {
+     margin-left: -16px;
+     margin-right: -16px;
+   }
+
+   .xl\\\\:before\\\\:-my-lg::before {
+     margin-top: -24px;
+     margin-bottom: -24px;
+   }
+
+   .xl\\\\:before\\\\:-mx-lg::before {
+     margin-left: -24px;
+     margin-right: -24px;
+   }
+
+   .xl\\\\:before\\\\:-my-xl::before {
+     margin-top: -48px;
+     margin-bottom: -48px;
+   }
+
+   .xl\\\\:before\\\\:-mx-xl::before {
+     margin-left: -48px;
+     margin-right: -48px;
+   }
+
+   .xl\\\\:before\\\\:mt-auto::before {
+     margin-top: auto;
+   }
+
+   .xl\\\\:before\\\\:mr-auto::before {
+     margin-right: auto;
+   }
+
+   .xl\\\\:before\\\\:mb-auto::before {
+     margin-bottom: auto;
+   }
+
+   .xl\\\\:before\\\\:ml-auto::before {
+     margin-left: auto;
+   }
+
+   .xl\\\\:before\\\\:mt-sm::before {
+     margin-top: 8px;
+   }
+
+   .xl\\\\:before\\\\:mr-sm::before {
+     margin-right: 8px;
+   }
+
+   .xl\\\\:before\\\\:mb-sm::before {
+     margin-bottom: 8px;
+   }
+
+   .xl\\\\:before\\\\:ml-sm::before {
+     margin-left: 8px;
+   }
+
+   .xl\\\\:before\\\\:mt-md::before {
+     margin-top: 16px;
+   }
+
+   .xl\\\\:before\\\\:mr-md::before {
+     margin-right: 16px;
+   }
+
+   .xl\\\\:before\\\\:mb-md::before {
+     margin-bottom: 16px;
+   }
+
+   .xl\\\\:before\\\\:ml-md::before {
+     margin-left: 16px;
+   }
+
+   .xl\\\\:before\\\\:mt-lg::before {
+     margin-top: 24px;
+   }
+
+   .xl\\\\:before\\\\:mr-lg::before {
+     margin-right: 24px;
+   }
+
+   .xl\\\\:before\\\\:mb-lg::before {
+     margin-bottom: 24px;
+   }
+
+   .xl\\\\:before\\\\:ml-lg::before {
+     margin-left: 24px;
+   }
+
+   .xl\\\\:before\\\\:mt-xl::before {
+     margin-top: 48px;
+   }
+
+   .xl\\\\:before\\\\:mr-xl::before {
+     margin-right: 48px;
+   }
+
+   .xl\\\\:before\\\\:mb-xl::before {
+     margin-bottom: 48px;
+   }
+
+   .xl\\\\:before\\\\:ml-xl::before {
+     margin-left: 48px;
+   }
+
+   .xl\\\\:before\\\\:-mt-sm::before {
+     margin-top: -8px;
+   }
+
+   .xl\\\\:before\\\\:-mr-sm::before {
+     margin-right: -8px;
+   }
+
+   .xl\\\\:before\\\\:-mb-sm::before {
+     margin-bottom: -8px;
+   }
+
+   .xl\\\\:before\\\\:-ml-sm::before {
+     margin-left: -8px;
+   }
+
+   .xl\\\\:before\\\\:-mt-md::before {
+     margin-top: -16px;
+   }
+
+   .xl\\\\:before\\\\:-mr-md::before {
+     margin-right: -16px;
+   }
+
+   .xl\\\\:before\\\\:-mb-md::before {
+     margin-bottom: -16px;
+   }
+
+   .xl\\\\:before\\\\:-ml-md::before {
+     margin-left: -16px;
+   }
+
+   .xl\\\\:before\\\\:-mt-lg::before {
+     margin-top: -24px;
+   }
+
+   .xl\\\\:before\\\\:-mr-lg::before {
+     margin-right: -24px;
+   }
+
+   .xl\\\\:before\\\\:-mb-lg::before {
+     margin-bottom: -24px;
+   }
+
+   .xl\\\\:before\\\\:-ml-lg::before {
+     margin-left: -24px;
+   }
+
+   .xl\\\\:before\\\\:-mt-xl::before {
+     margin-top: -48px;
+   }
+
+   .xl\\\\:before\\\\:-mr-xl::before {
+     margin-right: -48px;
+   }
+
+   .xl\\\\:before\\\\:-mb-xl::before {
+     margin-bottom: -48px;
+   }
+
+   .xl\\\\:before\\\\:-ml-xl::before {
+     margin-left: -48px;
+   }
+
+   .xl\\\\:after\\\\:m-auto::after {
+     margin: auto;
+   }
+
+   .xl\\\\:after\\\\:m-sm::after {
+     margin: 8px;
+   }
+
+   .xl\\\\:after\\\\:m-md::after {
+     margin: 16px;
+   }
+
+   .xl\\\\:after\\\\:m-lg::after {
+     margin: 24px;
+   }
+
+   .xl\\\\:after\\\\:m-xl::after {
+     margin: 48px;
+   }
+
+   .xl\\\\:after\\\\:-m-sm::after {
+     margin: -8px;
+   }
+
+   .xl\\\\:after\\\\:-m-md::after {
+     margin: -16px;
+   }
+
+   .xl\\\\:after\\\\:-m-lg::after {
+     margin: -24px;
+   }
+
+   .xl\\\\:after\\\\:-m-xl::after {
+     margin: -48px;
+   }
+
+   .xl\\\\:after\\\\:my-auto::after {
+     margin-top: auto;
+     margin-bottom: auto;
+   }
+
+   .xl\\\\:after\\\\:mx-auto::after {
+     margin-left: auto;
+     margin-right: auto;
+   }
+
+   .xl\\\\:after\\\\:my-sm::after {
+     margin-top: 8px;
+     margin-bottom: 8px;
+   }
+
+   .xl\\\\:after\\\\:mx-sm::after {
+     margin-left: 8px;
+     margin-right: 8px;
+   }
+
+   .xl\\\\:after\\\\:my-md::after {
+     margin-top: 16px;
+     margin-bottom: 16px;
+   }
+
+   .xl\\\\:after\\\\:mx-md::after {
+     margin-left: 16px;
+     margin-right: 16px;
+   }
+
+   .xl\\\\:after\\\\:my-lg::after {
+     margin-top: 24px;
+     margin-bottom: 24px;
+   }
+
+   .xl\\\\:after\\\\:mx-lg::after {
+     margin-left: 24px;
+     margin-right: 24px;
+   }
+
+   .xl\\\\:after\\\\:my-xl::after {
+     margin-top: 48px;
+     margin-bottom: 48px;
+   }
+
+   .xl\\\\:after\\\\:mx-xl::after {
+     margin-left: 48px;
+     margin-right: 48px;
+   }
+
+   .xl\\\\:after\\\\:-my-sm::after {
+     margin-top: -8px;
+     margin-bottom: -8px;
+   }
+
+   .xl\\\\:after\\\\:-mx-sm::after {
+     margin-left: -8px;
+     margin-right: -8px;
+   }
+
+   .xl\\\\:after\\\\:-my-md::after {
+     margin-top: -16px;
+     margin-bottom: -16px;
+   }
+
+   .xl\\\\:after\\\\:-mx-md::after {
+     margin-left: -16px;
+     margin-right: -16px;
+   }
+
+   .xl\\\\:after\\\\:-my-lg::after {
+     margin-top: -24px;
+     margin-bottom: -24px;
+   }
+
+   .xl\\\\:after\\\\:-mx-lg::after {
+     margin-left: -24px;
+     margin-right: -24px;
+   }
+
+   .xl\\\\:after\\\\:-my-xl::after {
+     margin-top: -48px;
+     margin-bottom: -48px;
+   }
+
+   .xl\\\\:after\\\\:-mx-xl::after {
+     margin-left: -48px;
+     margin-right: -48px;
+   }
+
+   .xl\\\\:after\\\\:mt-auto::after {
+     margin-top: auto;
+   }
+
+   .xl\\\\:after\\\\:mr-auto::after {
+     margin-right: auto;
+   }
+
+   .xl\\\\:after\\\\:mb-auto::after {
+     margin-bottom: auto;
+   }
+
+   .xl\\\\:after\\\\:ml-auto::after {
+     margin-left: auto;
+   }
+
+   .xl\\\\:after\\\\:mt-sm::after {
+     margin-top: 8px;
+   }
+
+   .xl\\\\:after\\\\:mr-sm::after {
+     margin-right: 8px;
+   }
+
+   .xl\\\\:after\\\\:mb-sm::after {
+     margin-bottom: 8px;
+   }
+
+   .xl\\\\:after\\\\:ml-sm::after {
+     margin-left: 8px;
+   }
+
+   .xl\\\\:after\\\\:mt-md::after {
+     margin-top: 16px;
+   }
+
+   .xl\\\\:after\\\\:mr-md::after {
+     margin-right: 16px;
+   }
+
+   .xl\\\\:after\\\\:mb-md::after {
+     margin-bottom: 16px;
+   }
+
+   .xl\\\\:after\\\\:ml-md::after {
+     margin-left: 16px;
+   }
+
+   .xl\\\\:after\\\\:mt-lg::after {
+     margin-top: 24px;
+   }
+
+   .xl\\\\:after\\\\:mr-lg::after {
+     margin-right: 24px;
+   }
+
+   .xl\\\\:after\\\\:mb-lg::after {
+     margin-bottom: 24px;
+   }
+
+   .xl\\\\:after\\\\:ml-lg::after {
+     margin-left: 24px;
+   }
+
+   .xl\\\\:after\\\\:mt-xl::after {
+     margin-top: 48px;
+   }
+
+   .xl\\\\:after\\\\:mr-xl::after {
+     margin-right: 48px;
+   }
+
+   .xl\\\\:after\\\\:mb-xl::after {
+     margin-bottom: 48px;
+   }
+
+   .xl\\\\:after\\\\:ml-xl::after {
+     margin-left: 48px;
+   }
+
+   .xl\\\\:after\\\\:-mt-sm::after {
+     margin-top: -8px;
+   }
+
+   .xl\\\\:after\\\\:-mr-sm::after {
+     margin-right: -8px;
+   }
+
+   .xl\\\\:after\\\\:-mb-sm::after {
+     margin-bottom: -8px;
+   }
+
+   .xl\\\\:after\\\\:-ml-sm::after {
+     margin-left: -8px;
+   }
+
+   .xl\\\\:after\\\\:-mt-md::after {
+     margin-top: -16px;
+   }
+
+   .xl\\\\:after\\\\:-mr-md::after {
+     margin-right: -16px;
+   }
+
+   .xl\\\\:after\\\\:-mb-md::after {
+     margin-bottom: -16px;
+   }
+
+   .xl\\\\:after\\\\:-ml-md::after {
+     margin-left: -16px;
+   }
+
+   .xl\\\\:after\\\\:-mt-lg::after {
+     margin-top: -24px;
+   }
+
+   .xl\\\\:after\\\\:-mr-lg::after {
+     margin-right: -24px;
+   }
+
+   .xl\\\\:after\\\\:-mb-lg::after {
+     margin-bottom: -24px;
+   }
+
+   .xl\\\\:after\\\\:-ml-lg::after {
+     margin-left: -24px;
+   }
+
+   .xl\\\\:after\\\\:-mt-xl::after {
+     margin-top: -48px;
+   }
+
+   .xl\\\\:after\\\\:-mr-xl::after {
+     margin-right: -48px;
+   }
+
+   .xl\\\\:after\\\\:-mb-xl::after {
+     margin-bottom: -48px;
+   }
+
+   .xl\\\\:after\\\\:-ml-xl::after {
      margin-left: -48px;
    }

    .xl\\\\:p-sm {
      padding: 8px;
@@ -2649,10 +5447,26 @@
    .xl\\\\:focus\\\\:bg-black:focus {
      background-color: black;
    }

    .xl\\\\:focus\\\\:bg-white:focus {
+     background-color: white;
+   }
+
+   .xl\\\\:before\\\\:bg-black::before {
+     background-color: black;
+   }
+
+   .xl\\\\:before\\\\:bg-white::before {
+     background-color: white;
+   }
+
+   .xl\\\\:after\\\\:bg-black::after {
+     background-color: black;
+   }
+
+   .xl\\\\:after\\\\:bg-white::after {
      background-color: white;
    }
  }

"
`;
